[Sat Oct 11 12:36:28.397476 2025] [php:error] [pid 168469] [client 172.190.142.176:51376] script '/var/www/transimex/wp-configs.php' not found or unable to stat
[Sat Oct 11 12:36:29.061592 2025] [php:error] [pid 161865] [client 172.190.142.176:55403] script '/var/www/transimex/radio.php' not found or unable to stat
[Sat Oct 11 12:36:29.241838 2025] [php:error] [pid 161865] [client 172.190.142.176:55403] script '/var/www/transimex/autoload_classmap.php' not found or unable to stat
[Sat Oct 11 12:36:29.693068 2025] [php:error] [pid 161865] [client 172.190.142.176:55403] script '/var/www/transimex/about.php' not found or unable to stat
[Sat Oct 11 12:36:29.840915 2025] [php:error] [pid 161865] [client 172.190.142.176:55403] script '/var/www/transimex/item.php' not found or unable to stat
[Sat Oct 11 12:36:29.989231 2025] [php:error] [pid 161865] [client 172.190.142.176:55403] script '/var/www/transimex/jp.php' not found or unable to stat
[Sat Oct 11 12:36:30.311193 2025] [php:error] [pid 161865] [client 172.190.142.176:55403] script '/var/www/transimex/up.php' not found or unable to stat
[Sat Oct 11 12:37:17.562006 2025] [php:warn] [pid 168467] [client 187.251.235.62:54626] PHP Warning:  Undefined array key "header_loc" in /var/www/transimex/pesta\xc3\xb1as/crear_requisicion.php on line 63, referer: https://gestor.transimex.com.mx/header_main_aside/almacen.php?pesta%C3%B1a=crear_requisicion&header_loc=%3C?php%20echo%20almacen;%20?%3E
[Sat Oct 11 12:37:19.191217 2025] [php:warn] [pid 168467] [client 187.251.235.62:54626] PHP Warning:  Cannot modify header information - headers already sent by (output started at /var/www/transimex/pesta\xc3\xb1as/crear_requisicion.php:9) in /var/www/transimex/pesta\xc3\xb1as/crear_requisicion.php on line 204, referer: https://gestor.transimex.com.mx/header_main_aside/almacen.php?pesta%C3%B1a=crear_requisicion&header_loc=%3C?php%20echo%20almacen;%20?%3E
[Sat Oct 11 12:38:13.841408 2025] [php:warn] [pid 168469] [client 187.251.235.62:63919] PHP Warning:  Undefined array key "header_loc" in /var/www/transimex/php/procesar_horas.php on line 10, referer: https://gestor.transimex.com.mx/header_main_aside/almacen.php?pesta%C3%B1a=horas_tardias&header_loc=almacen
[Sun Oct 12 06:02:18.132923 2025] [php:error] [pid 206109] [client 20.37.109.180:41955] script '/var/www/transimex/error.php' not found or unable to stat
[Sun Oct 12 06:02:18.454141 2025] [php:error] [pid 206109] [client 20.37.109.180:41955] script '/var/www/transimex/kao.php' not found or unable to stat
[Sun Oct 12 06:02:18.811354 2025] [php:error] [pid 206109] [client 20.37.109.180:41955] script '/var/www/transimex/gggssdd.php' not found or unable to stat
[Sun Oct 12 06:02:19.125530 2025] [php:error] [pid 206109] [client 20.37.109.180:41955] script '/var/www/transimex/cincinnus.php' not found or unable to stat
[Sun Oct 12 06:02:19.540524 2025] [php:error] [pid 206109] [client 20.37.109.180:41955] script '/var/www/transimex/riming.php' not found or unable to stat
[Sun Oct 12 06:02:19.868548 2025] [php:error] [pid 206109] [client 20.37.109.180:41955] script '/var/www/transimex/sphaeristeria.php' not found or unable to stat
[Sun Oct 12 06:02:20.224552 2025] [php:error] [pid 206109] [client 20.37.109.180:41955] script '/var/www/transimex/kaza.php' not found or unable to stat
[Sun Oct 12 06:02:20.547945 2025] [php:error] [pid 206109] [client 20.37.109.180:41955] script '/var/www/transimex/031.php' not found or unable to stat
[Sun Oct 12 06:02:20.866222 2025] [php:error] [pid 206109] [client 20.37.109.180:41955] script '/var/www/transimex/ilex.php' not found or unable to stat
[Sun Oct 12 06:02:21.185630 2025] [php:error] [pid 206109] [client 20.37.109.180:41955] script '/var/www/transimex/flex.php' not found or unable to stat
[Sun Oct 12 06:02:21.506119 2025] [php:error] [pid 206109] [client 20.37.109.180:41955] script '/var/www/transimex/mlex.php' not found or unable to stat
[Sun Oct 12 06:02:21.820058 2025] [php:error] [pid 206109] [client 20.37.109.180:41955] script '/var/www/transimex/wlex.php' not found or unable to stat
[Sun Oct 12 06:02:22.135685 2025] [php:error] [pid 206109] [client 20.37.109.180:41955] script '/var/www/transimex/wp-aaa.php' not found or unable to stat
[Sun Oct 12 06:02:22.456237 2025] [php:error] [pid 206109] [client 20.37.109.180:41955] script '/var/www/transimex/vast.php' not found or unable to stat
[Sun Oct 12 06:02:22.775762 2025] [php:error] [pid 206109] [client 20.37.109.180:41955] script '/var/www/transimex/tor.php' not found or unable to stat
[Sun Oct 12 06:02:23.165010 2025] [php:error] [pid 206109] [client 20.37.109.180:41955] script '/var/www/transimex/klex.php' not found or unable to stat
[Sun Oct 12 06:02:23.497565 2025] [php:error] [pid 206109] [client 20.37.109.180:41955] script '/var/www/transimex/sec.php' not found or unable to stat
[Sun Oct 12 06:02:23.812524 2025] [php:error] [pid 206109] [client 20.37.109.180:41955] script '/var/www/transimex/about3.php' not found or unable to stat
[Sun Oct 12 06:02:24.144255 2025] [php:error] [pid 206109] [client 20.37.109.180:41955] script '/var/www/transimex/222.php' not found or unable to stat
[Sun Oct 12 06:02:24.459613 2025] [php:error] [pid 206109] [client 20.37.109.180:41955] script '/var/www/transimex/444.php' not found or unable to stat
[Sun Oct 12 06:02:24.779384 2025] [php:error] [pid 206109] [client 20.37.109.180:41955] script '/var/www/transimex/file9.php' not found or unable to stat
[Sun Oct 12 06:02:25.097447 2025] [php:error] [pid 206109] [client 20.37.109.180:41955] script '/var/www/transimex/filesss.php' not found or unable to stat
[Sun Oct 12 06:02:25.420326 2025] [php:error] [pid 206109] [client 20.37.109.180:41955] script '/var/www/transimex/file88.php' not found or unable to stat
[Sun Oct 12 06:02:25.755243 2025] [php:error] [pid 206109] [client 20.37.109.180:41955] script '/var/www/transimex/gifclass4.php' not found or unable to stat
[Sun Oct 12 06:02:26.072053 2025] [php:error] [pid 206109] [client 20.37.109.180:41955] script '/var/www/transimex/class-wp.php' not found or unable to stat
[Sun Oct 12 06:02:26.394749 2025] [php:error] [pid 206109] [client 20.37.109.180:41955] script '/var/www/transimex/wpls.php' not found or unable to stat
[Sun Oct 12 06:02:26.721680 2025] [php:error] [pid 206109] [client 20.37.109.180:41955] script '/var/www/transimex/555.php' not found or unable to stat
[Sun Oct 12 06:02:27.042561 2025] [php:error] [pid 206109] [client 20.37.109.180:41955] script '/var/www/transimex/333.php' not found or unable to stat
[Sun Oct 12 06:02:27.362006 2025] [php:error] [pid 206109] [client 20.37.109.180:41955] script '/var/www/transimex/gelap.php' not found or unable to stat
[Sun Oct 12 06:02:27.676018 2025] [php:error] [pid 206109] [client 20.37.109.180:41955] script '/var/www/transimex/class19.php' not found or unable to stat
[Sun Oct 12 06:02:27.998155 2025] [php:error] [pid 206109] [client 20.37.109.180:41955] script '/var/www/transimex/racs3.php' not found or unable to stat
[Sun Oct 12 06:02:28.314957 2025] [php:error] [pid 206109] [client 20.37.109.180:41955] script '/var/www/transimex/2clas.php' not found or unable to stat
[Sun Oct 12 06:02:28.643644 2025] [php:error] [pid 206109] [client 20.37.109.180:41955] script '/var/www/transimex/bless5.php' not found or unable to stat
[Sun Oct 12 06:02:28.970571 2025] [php:error] [pid 206109] [client 20.37.109.180:41955] script '/var/www/transimex/blex.php' not found or unable to stat
[Sun Oct 12 06:02:29.301768 2025] [php:error] [pid 206109] [client 20.37.109.180:41955] script '/var/www/transimex/ssss.php' not found or unable to stat
[Sun Oct 12 06:02:29.624522 2025] [php:error] [pid 206109] [client 20.37.109.180:41955] script '/var/www/transimex/file15.php' not found or unable to stat
[Sun Oct 12 06:02:29.943781 2025] [php:error] [pid 206109] [client 20.37.109.180:41955] script '/var/www/transimex/hk.php' not found or unable to stat
[Sun Oct 12 06:02:30.260962 2025] [php:error] [pid 206109] [client 20.37.109.180:41955] script '/var/www/transimex/aa21.php' not found or unable to stat
[Sun Oct 12 06:02:30.577691 2025] [php:error] [pid 206109] [client 20.37.109.180:41955] script '/var/www/transimex/alpa.php' not found or unable to stat
[Sun Oct 12 06:02:30.900033 2025] [php:error] [pid 206109] [client 20.37.109.180:41955] script '/var/www/transimex/file21.php' not found or unable to stat
[Sun Oct 12 06:02:31.231809 2025] [php:error] [pid 206109] [client 20.37.109.180:41955] script '/var/www/transimex/ssss.php' not found or unable to stat
[Sun Oct 12 06:02:31.546798 2025] [php:error] [pid 206109] [client 20.37.109.180:41955] script '/var/www/transimex/ut.php' not found or unable to stat
[Sun Oct 12 06:02:31.879587 2025] [php:error] [pid 206109] [client 20.37.109.180:41955] script '/var/www/transimex/inde.php' not found or unable to stat
[Sun Oct 12 06:02:32.196992 2025] [php:error] [pid 206109] [client 20.37.109.180:41955] script '/var/www/transimex/classgoto24.php' not found or unable to stat
[Sun Oct 12 06:02:32.514886 2025] [php:error] [pid 206109] [client 20.37.109.180:41955] script '/var/www/transimex/hook.php' not found or unable to stat
[Sun Oct 12 06:02:32.830560 2025] [php:error] [pid 206109] [client 20.37.109.180:41955] script '/var/www/transimex/ckk.php' not found or unable to stat
[Sun Oct 12 06:02:33.154972 2025] [php:error] [pid 206109] [client 20.37.109.180:41955] script '/var/www/transimex/te.php' not found or unable to stat
[Sun Oct 12 06:02:33.469043 2025] [php:error] [pid 206109] [client 20.37.109.180:41955] script '/var/www/transimex/haa.php' not found or unable to stat
[Sun Oct 12 06:02:33.790718 2025] [php:error] [pid 206109] [client 20.37.109.180:41955] script '/var/www/transimex/ioxi-o2.php' not found or unable to stat
[Sun Oct 12 06:02:34.105580 2025] [php:error] [pid 206109] [client 20.37.109.180:41955] script '/var/www/transimex/030.php' not found or unable to stat
[Sun Oct 12 06:02:34.451033 2025] [php:error] [pid 206109] [client 20.37.109.180:41955] script '/var/www/transimex/thh.php' not found or unable to stat
[Sun Oct 12 06:02:34.768653 2025] [php:error] [pid 206109] [client 20.37.109.180:41955] script '/var/www/transimex/fffff.php' not found or unable to stat
[Sun Oct 12 06:02:35.100017 2025] [php:error] [pid 206109] [client 20.37.109.180:41955] script '/var/www/transimex/akpc.php' not found or unable to stat
[Sun Oct 12 06:02:35.417043 2025] [php:error] [pid 206109] [client 20.37.109.180:41955] script '/var/www/transimex/indo.php' not found or unable to stat
[Sun Oct 12 06:02:35.733055 2025] [php:error] [pid 206109] [client 20.37.109.180:41955] script '/var/www/transimex/ws.php' not found or unable to stat
[Sun Oct 12 06:02:36.055862 2025] [php:error] [pid 206109] [client 20.37.109.180:41955] script '/var/www/transimex/an.php' not found or unable to stat
[Sun Oct 12 06:02:36.702459 2025] [php:error] [pid 206109] [client 20.37.109.180:41955] script '/var/www/transimex/fileas.php' not found or unable to stat
[Sun Oct 12 06:02:37.027828 2025] [php:error] [pid 206109] [client 20.37.109.180:41955] script '/var/www/transimex/yellow.php' not found or unable to stat
[Sun Oct 12 06:02:37.344158 2025] [php:error] [pid 206109] [client 20.37.109.180:41955] script '/var/www/transimex/33.php' not found or unable to stat
[Sun Oct 12 06:02:37.683486 2025] [php:error] [pid 206109] [client 20.37.109.180:41955] script '/var/www/transimex/plss3.php' not found or unable to stat
[Sun Oct 12 06:02:37.999580 2025] [php:error] [pid 206109] [client 20.37.109.180:41955] script '/var/www/transimex/ton.php' not found or unable to stat
[Sun Oct 12 06:02:38.317091 2025] [php:error] [pid 206109] [client 20.37.109.180:41955] script '/var/www/transimex/he.php' not found or unable to stat
[Sun Oct 12 06:02:38.632541 2025] [php:error] [pid 206109] [client 20.37.109.180:41955] script '/var/www/transimex/thxt.php' not found or unable to stat
[Sun Oct 12 06:02:38.951196 2025] [php:error] [pid 206109] [client 20.37.109.180:41955] script '/var/www/transimex/wfile.php' not found or unable to stat
[Sun Oct 12 06:02:39.281786 2025] [php:error] [pid 206109] [client 20.37.109.180:41955] script '/var/www/transimex/class20.php' not found or unable to stat
[Sun Oct 12 06:02:39.637700 2025] [php:error] [pid 206109] [client 20.37.109.180:41955] script '/var/www/transimex/build.php' not found or unable to stat
[Sun Oct 12 06:02:40.012103 2025] [php:error] [pid 206109] [client 20.37.109.180:41955] script '/var/www/transimex/1.php' not found or unable to stat
[Sun Oct 12 06:02:40.325952 2025] [php:error] [pid 206109] [client 20.37.109.180:41955] script '/var/www/transimex/usep.php' not found or unable to stat
[Sun Oct 12 06:02:40.651645 2025] [php:error] [pid 206109] [client 20.37.109.180:41955] script '/var/www/transimex/wa.php' not found or unable to stat
[Sun Oct 12 06:02:40.973577 2025] [php:error] [pid 206109] [client 20.37.109.180:41955] script '/var/www/transimex/wb.php' not found or unable to stat
[Sun Oct 12 06:02:41.287851 2025] [php:error] [pid 206109] [client 20.37.109.180:41955] script '/var/www/transimex/file1.php' not found or unable to stat
[Sun Oct 12 06:02:41.602554 2025] [php:error] [pid 206109] [client 20.37.109.180:41955] script '/var/www/transimex/2.php' not found or unable to stat
[Sun Oct 12 06:02:41.916620 2025] [php:error] [pid 206109] [client 20.37.109.180:41955] script '/var/www/transimex/a2.php' not found or unable to stat
[Sun Oct 12 06:02:42.271492 2025] [php:error] [pid 206109] [client 20.37.109.180:41955] script '/var/www/transimex/a.php' not found or unable to stat
[Sun Oct 12 06:02:42.599221 2025] [php:error] [pid 206109] [client 20.37.109.180:41955] script '/var/www/transimex/gmo.php' not found or unable to stat
[Sun Oct 12 06:02:42.939776 2025] [php:error] [pid 206109] [client 20.37.109.180:41955] script '/var/www/transimex/info.php' not found or unable to stat
[Sun Oct 12 06:02:43.255853 2025] [php:error] [pid 206109] [client 20.37.109.180:41955] script '/var/www/transimex/file2.php' not found or unable to stat
[Sun Oct 12 06:02:43.573744 2025] [php:error] [pid 206109] [client 20.37.109.180:41955] script '/var/www/transimex/lv.php' not found or unable to stat
[Sun Oct 12 06:02:43.892566 2025] [php:error] [pid 206109] [client 20.37.109.180:41955] script '/var/www/transimex/about.php' not found or unable to stat
[Sun Oct 12 06:02:44.210860 2025] [php:error] [pid 206109] [client 20.37.109.180:41955] script '/var/www/transimex/abcd.php' not found or unable to stat
[Sun Oct 12 06:02:44.524652 2025] [php:error] [pid 206109] [client 20.37.109.180:41955] script '/var/www/transimex/lock360.php' not found or unable to stat
[Sun Oct 12 06:02:44.837979 2025] [php:error] [pid 206109] [client 20.37.109.180:41955] script '/var/www/transimex/alfa.php' not found or unable to stat
[Sun Oct 12 06:02:45.157227 2025] [php:error] [pid 206109] [client 20.37.109.180:41955] script '/var/www/transimex/NewFile.php' not found or unable to stat
[Sun Oct 12 06:02:45.481712 2025] [php:error] [pid 206109] [client 20.37.109.180:41955] script '/var/www/transimex/atomlib.php' not found or unable to stat
[Sun Oct 12 06:02:45.808118 2025] [php:error] [pid 206109] [client 20.37.109.180:41955] script '/var/www/transimex/wp.php' not found or unable to stat
[Sun Oct 12 06:02:46.143446 2025] [php:error] [pid 206109] [client 20.37.109.180:41955] script '/var/www/transimex/system_log.php' not found or unable to stat
[Sun Oct 12 06:02:46.459024 2025] [php:error] [pid 206109] [client 20.37.109.180:41955] script '/var/www/transimex/pp.php' not found or unable to stat
[Sun Oct 12 06:02:46.780560 2025] [php:error] [pid 206109] [client 20.37.109.180:41955] script '/var/www/transimex/geck.php' not found or unable to stat
[Sun Oct 12 06:02:47.107123 2025] [php:error] [pid 206109] [client 20.37.109.180:41955] script '/var/www/transimex/gm.php' not found or unable to stat
[Sun Oct 12 06:02:47.430043 2025] [php:error] [pid 206109] [client 20.37.109.180:41955] script '/var/www/transimex/makeasmtp.php' not found or unable to stat
[Sun Oct 12 06:02:47.752674 2025] [php:error] [pid 206109] [client 20.37.109.180:41955] script '/var/www/transimex/cccc.php' not found or unable to stat
[Sun Oct 12 06:02:48.083743 2025] [php:error] [pid 206109] [client 20.37.109.180:41955] script '/var/www/transimex/file4.php' not found or unable to stat
[Sun Oct 12 06:02:48.437411 2025] [php:error] [pid 206109] [client 20.37.109.180:41955] script '/var/www/transimex/ahax.php' not found or unable to stat
[Sun Oct 12 06:02:48.765819 2025] [php:error] [pid 206109] [client 20.37.109.180:41955] script '/var/www/transimex/520.php' not found or unable to stat
[Sun Oct 12 06:02:49.080029 2025] [php:error] [pid 206109] [client 20.37.109.180:41955] script '/var/www/transimex/CLA.php' not found or unable to stat
[Sun Oct 12 06:02:49.412681 2025] [php:error] [pid 206109] [client 20.37.109.180:41955] script '/var/www/transimex/cool.php' not found or unable to stat
[Sun Oct 12 06:02:49.728803 2025] [php:error] [pid 206109] [client 20.37.109.180:41955] script '/var/www/transimex/file18.php' not found or unable to stat
[Sun Oct 12 06:02:50.042598 2025] [php:error] [pid 206109] [client 20.37.109.180:41955] script '/var/www/transimex/ffile.php' not found or unable to stat
[Sun Oct 12 06:02:50.361002 2025] [php:error] [pid 206109] [client 20.37.109.180:41955] script '/var/www/transimex/file7.php' not found or unable to stat
[Sun Oct 12 06:02:51.284545 2025] [php:error] [pid 206112] [client 20.37.109.180:41963] script '/var/www/transimex/file.php' not found or unable to stat
[Sun Oct 12 06:02:51.620631 2025] [php:error] [pid 206112] [client 20.37.109.180:41963] script '/var/www/transimex/we.php' not found or unable to stat
[Sun Oct 12 06:02:51.935631 2025] [php:error] [pid 206112] [client 20.37.109.180:41963] script '/var/www/transimex/gfile.php' not found or unable to stat
[Sun Oct 12 06:02:52.267236 2025] [php:error] [pid 206112] [client 20.37.109.180:41963] script '/var/www/transimex/jlex3.php' not found or unable to stat
[Sun Oct 12 06:02:52.585926 2025] [php:error] [pid 206112] [client 20.37.109.180:41963] script '/var/www/transimex/moo.php' not found or unable to stat
[Sun Oct 12 06:02:52.901240 2025] [php:error] [pid 206112] [client 20.37.109.180:41963] script '/var/www/transimex/des.php' not found or unable to stat
[Sun Oct 12 06:02:53.583187 2025] [php:error] [pid 206112] [client 20.37.109.180:41963] script '/var/www/transimex/aaa.php' not found or unable to stat
[Sun Oct 12 06:02:53.905728 2025] [php:error] [pid 206112] [client 20.37.109.180:41963] script '/var/www/transimex/H.php' not found or unable to stat
[Sun Oct 12 06:02:54.238588 2025] [php:error] [pid 206112] [client 20.37.109.180:41963] script '/var/www/transimex/gifclass.php' not found or unable to stat
[Sun Oct 12 06:02:54.565082 2025] [php:error] [pid 206112] [client 20.37.109.180:41963] script '/var/www/transimex/pm.php' not found or unable to stat
[Sun Oct 12 06:02:54.889977 2025] [php:error] [pid 206112] [client 20.37.109.180:41963] script '/var/www/transimex/111.php' not found or unable to stat
[Sun Oct 12 06:02:55.211735 2025] [php:error] [pid 206112] [client 20.37.109.180:41963] script '/var/www/transimex/goat.php' not found or unable to stat
[Sun Oct 12 06:02:55.535361 2025] [php:error] [pid 206112] [client 20.37.109.180:41963] script '/var/www/transimex/wp-update.php' not found or unable to stat
[Sun Oct 12 06:02:55.851212 2025] [php:error] [pid 206112] [client 20.37.109.180:41963] script '/var/www/transimex/vee.php' not found or unable to stat
[Sun Oct 12 06:02:56.171617 2025] [php:error] [pid 206112] [client 20.37.109.180:41963] script '/var/www/transimex/efile.php' not found or unable to stat
[Sun Oct 12 06:02:56.486805 2025] [php:error] [pid 206112] [client 20.37.109.180:41963] script '/var/www/transimex/afile.php' not found or unable to stat
[Sun Oct 12 06:02:56.831104 2025] [php:error] [pid 206112] [client 20.37.109.180:41963] script '/var/www/transimex/errorfile.php' not found or unable to stat
[Sun Oct 12 06:02:57.154659 2025] [php:error] [pid 206112] [client 20.37.109.180:41963] script '/var/www/transimex/gold.php' not found or unable to stat
[Sun Oct 12 06:02:57.473818 2025] [php:error] [pid 206112] [client 20.37.109.180:41963] script '/var/www/transimex/gool.php' not found or unable to stat
[Sun Oct 12 06:02:57.816576 2025] [php:error] [pid 206112] [client 20.37.109.180:41963] script '/var/www/transimex/haikh.php' not found or unable to stat
[Sun Oct 12 06:02:58.139184 2025] [php:error] [pid 206112] [client 20.37.109.180:41963] script '/var/www/transimex/jmfi2.php' not found or unable to stat
[Sun Oct 12 06:02:58.469586 2025] [php:error] [pid 206112] [client 20.37.109.180:41963] script '/var/www/transimex/jmfi.php' not found or unable to stat
[Sun Oct 12 06:02:58.784726 2025] [php:error] [pid 206112] [client 20.37.109.180:41963] script '/var/www/transimex/admin.php' not found or unable to stat
[Sun Oct 12 06:02:59.109151 2025] [php:error] [pid 206112] [client 20.37.109.180:41963] script '/var/www/transimex/r.php' not found or unable to stat
[Sun Oct 12 06:02:59.435795 2025] [php:error] [pid 206112] [client 20.37.109.180:41963] script '/var/www/transimex/xc.php' not found or unable to stat
[Sun Oct 12 06:02:59.762227 2025] [php:error] [pid 206112] [client 20.37.109.180:41963] script '/var/www/transimex/php.php' not found or unable to stat
[Sun Oct 12 06:03:00.077605 2025] [php:error] [pid 206112] [client 20.37.109.180:41963] script '/var/www/transimex/lala.php' not found or unable to stat
[Sun Oct 12 06:03:00.392390 2025] [php:error] [pid 206112] [client 20.37.109.180:41963] script '/var/www/transimex/ff.php' not found or unable to stat
[Sun Oct 12 06:03:00.709804 2025] [php:error] [pid 206112] [client 20.37.109.180:41963] script '/var/www/transimex/alf.php' not found or unable to stat
[Sun Oct 12 06:03:01.031931 2025] [php:error] [pid 206112] [client 20.37.109.180:41963] script '/var/www/transimex/com.php' not found or unable to stat
[Sun Oct 12 06:03:01.346676 2025] [php:error] [pid 206112] [client 20.37.109.180:41963] script '/var/www/transimex/update.php' not found or unable to stat
[Sun Oct 12 06:03:01.668526 2025] [php:error] [pid 206112] [client 20.37.109.180:41963] script '/var/www/transimex/bolt.php' not found or unable to stat
[Sun Oct 12 06:03:01.983529 2025] [php:error] [pid 206112] [client 20.37.109.180:41963] script '/var/www/transimex/cfile.php' not found or unable to stat
[Sun Oct 12 06:03:02.313184 2025] [php:error] [pid 206112] [client 20.37.109.180:41963] script '/var/www/transimex/eauu.php' not found or unable to stat
[Sun Oct 12 06:03:02.642771 2025] [php:error] [pid 206112] [client 20.37.109.180:41963] script '/var/www/transimex/ava.php' not found or unable to stat
[Sun Oct 12 06:03:02.976058 2025] [php:error] [pid 206112] [client 20.37.109.180:41963] script '/var/www/transimex/f6.php' not found or unable to stat
[Sun Oct 12 06:03:03.294437 2025] [php:error] [pid 206112] [client 20.37.109.180:41963] script '/var/www/transimex/fe5.php' not found or unable to stat
[Sun Oct 12 06:03:03.608730 2025] [php:error] [pid 206112] [client 20.37.109.180:41963] script '/var/www/transimex/wsd.php' not found or unable to stat
[Sun Oct 12 08:50:24.734921 2025] [php:error] [pid 229071] [client 40.69.66.178:13298] script '/var/www/transimex/orm.php' not found or unable to stat
[Sun Oct 12 08:50:24.992593 2025] [php:error] [pid 229071] [client 40.69.66.178:13298] script '/var/www/transimex/gmo.php' not found or unable to stat
[Sun Oct 12 08:50:25.250255 2025] [php:error] [pid 229071] [client 40.69.66.178:13298] script '/var/www/transimex/akcc.php' not found or unable to stat
[Sun Oct 12 08:50:25.510643 2025] [php:error] [pid 229071] [client 40.69.66.178:13298] script '/var/www/transimex/nx.php' not found or unable to stat
[Sun Oct 12 08:50:25.767922 2025] [php:error] [pid 229071] [client 40.69.66.178:13298] script '/var/www/transimex/php.php' not found or unable to stat
[Sun Oct 12 08:50:26.027070 2025] [php:error] [pid 229071] [client 40.69.66.178:13298] script '/var/www/transimex/sx21_1.php' not found or unable to stat
[Sun Oct 12 08:50:26.288530 2025] [php:error] [pid 229071] [client 40.69.66.178:13298] script '/var/www/transimex/bluejackets.php' not found or unable to stat
[Sun Oct 12 08:50:26.545833 2025] [php:error] [pid 229071] [client 40.69.66.178:13298] script '/var/www/transimex/file17.php' not found or unable to stat
[Sun Oct 12 08:50:26.803209 2025] [php:error] [pid 229071] [client 40.69.66.178:13298] script '/var/www/transimex/pop.php' not found or unable to stat
[Sun Oct 12 08:50:27.060891 2025] [php:error] [pid 229071] [client 40.69.66.178:13298] script '/var/www/transimex/nx9.php' not found or unable to stat
[Sun Oct 12 08:50:27.324941 2025] [php:error] [pid 229071] [client 40.69.66.178:13298] script '/var/www/transimex/kwm4.php' not found or unable to stat
[Sun Oct 12 08:50:27.584851 2025] [php:error] [pid 229071] [client 40.69.66.178:13298] script '/var/www/transimex/ea3f.php' not found or unable to stat
[Sun Oct 12 08:50:27.842112 2025] [php:error] [pid 229071] [client 40.69.66.178:13298] script '/var/www/transimex/akp.php' not found or unable to stat
[Sun Oct 12 08:50:28.107219 2025] [php:error] [pid 229071] [client 40.69.66.178:13298] script '/var/www/transimex/xp.php' not found or unable to stat
[Sun Oct 12 08:50:28.365447 2025] [php:error] [pid 229071] [client 40.69.66.178:13298] script '/var/www/transimex/cwsd.php' not found or unable to stat
[Sun Oct 12 08:50:28.626258 2025] [php:error] [pid 229071] [client 40.69.66.178:13298] script '/var/www/transimex/1aa.php' not found or unable to stat
[Sun Oct 12 08:50:28.884341 2025] [php:error] [pid 229071] [client 40.69.66.178:13298] script '/var/www/transimex/litanies.php' not found or unable to stat
[Sun Oct 12 08:50:29.146076 2025] [php:error] [pid 229071] [client 40.69.66.178:13298] script '/var/www/transimex/asasx.php' not found or unable to stat
[Sun Oct 12 08:50:29.403732 2025] [php:error] [pid 229071] [client 40.69.66.178:13298] script '/var/www/transimex/just2.php' not found or unable to stat
[Sun Oct 12 08:50:29.661447 2025] [php:error] [pid 229071] [client 40.69.66.178:13298] script '/var/www/transimex/classwithtostring.php' not found or unable to stat
[Sun Oct 12 08:50:29.919816 2025] [php:error] [pid 229071] [client 40.69.66.178:13298] script '/var/www/transimex/j.php' not found or unable to stat
[Sun Oct 12 08:50:30.188384 2025] [php:error] [pid 229071] [client 40.69.66.178:13298] script '/var/www/transimex/g.php' not found or unable to stat
[Sun Oct 12 08:50:30.446081 2025] [php:error] [pid 229071] [client 40.69.66.178:13298] script '/var/www/transimex/ex.php' not found or unable to stat
[Sun Oct 12 08:50:30.704820 2025] [php:error] [pid 229071] [client 40.69.66.178:13298] script '/var/www/transimex/1.php' not found or unable to stat
[Sun Oct 12 08:50:30.966123 2025] [php:error] [pid 229071] [client 40.69.66.178:13298] script '/var/www/transimex/s.php' not found or unable to stat
[Sun Oct 12 08:50:31.229772 2025] [php:error] [pid 229071] [client 40.69.66.178:13298] script '/var/www/transimex/sx21_1.php' not found or unable to stat
[Sun Oct 12 08:50:31.487377 2025] [php:error] [pid 229071] [client 40.69.66.178:13298] script '/var/www/transimex/let.php' not found or unable to stat
[Sun Oct 12 08:50:31.744729 2025] [php:error] [pid 229071] [client 40.69.66.178:13298] script '/var/www/transimex/akcc.php' not found or unable to stat
[Sun Oct 12 08:50:32.002191 2025] [php:error] [pid 229071] [client 40.69.66.178:13298] script '/var/www/transimex/amphicyon.php' not found or unable to stat
[Sun Oct 12 08:50:32.263702 2025] [php:error] [pid 229071] [client 40.69.66.178:13298] script '/var/www/transimex/k.php' not found or unable to stat
[Sun Oct 12 08:50:32.521203 2025] [php:error] [pid 229071] [client 40.69.66.178:13298] script '/var/www/transimex/sec.php' not found or unable to stat
[Sun Oct 12 08:50:32.781004 2025] [php:error] [pid 229071] [client 40.69.66.178:13298] script '/var/www/transimex/xp.php' not found or unable to stat
[Sun Oct 12 08:50:33.046427 2025] [php:error] [pid 229071] [client 40.69.66.178:13298] script '/var/www/transimex/ext.php' not found or unable to stat
[Mon Oct 13 07:00:46.016371 2025] [php:warn] [pid 304158] [client 187.251.235.62:54172] PHP Warning:  Undefined array key "role" in /var/www/transimex/header_main_aside/almacen.php on line 38, referer: https://gestor.transimex.com.mx/header_main_aside/almacen.php?pesta%C3%B1a=compras&header_loc=almacen
[Mon Oct 13 08:53:02.316309 2025] [php:warn] [pid 292846] [client 187.251.235.62:60407] PHP Warning:  Undefined array key "role" in /var/www/transimex/header_main_aside/manufactura.php on line 20, referer: https://gestor.transimex.com.mx/header_main_aside/manufactura.php?pagina=1&registros_por_pagina=20&ot=6555&pesta%C3%B1a=historial_de_compras
[Mon Oct 13 09:14:16.553141 2025] [php:warn] [pid 292848] [client 187.251.235.62:59691] PHP Warning:  Undefined array key "role" in /var/www/transimex/header_main_aside/almacen.php on line 38, referer: https://gestor.transimex.com.mx/header_main_aside/almacen.php?pesta%C3%B1a=compras&header_loc=almacen
[Mon Oct 13 09:52:00.477775 2025] [php:warn] [pid 292848] [client 187.251.235.62:59535] PHP Warning:  Undefined array key "role" in /var/www/transimex/header_main_aside/proyectos.php on line 41, referer: https://gestor.transimex.com.mx/header_main_aside/proyectos.php?pesta%C3%B1a=alta_pedido&header_loc=proyectos&mensajeDatos=Los+datos+se+han+guardado+correctamente.&mensajeArchivo=el+archivo+se+ha+cargado+correctamente.&mensajeDatos=Los+datos+se+han+guardado+correctamente.&mensajeArchivo=el+archivo+se+ha+cargado+correctamente.&mensajeDatos=Los+datos+se+han+guardado+correctamente.&mensajeArchivo=el+archivo+se+ha+cargado+correctamente.&mensajeDatos=Los+datos+se+han+guardado+correctamente.&mensajeArchivo=el+archivo+se+ha+cargado+correctamente.&mensajeDatos=Los+datos+se+han+guardado+correctamente.&mensajeArchivo=el+archivo+se+ha+cargado+correctamente.
[Mon Oct 13 09:57:20.543062 2025] [php:warn] [pid 304160] [client 187.251.235.62:58444] PHP Warning:  Undefined array key "role" in /var/www/transimex/header_main_aside/almacen.php on line 38, referer: https://gestor.transimex.com.mx/header_main_aside/almacen.php?pesta%C3%B1a=orden_compras&header_loc=almacen
[Mon Oct 13 10:03:45.209239 2025] [php:warn] [pid 317421] [client 187.251.235.62:53732] PHP Warning:  Undefined array key "header_loc" in /var/www/transimex/pesta\xc3\xb1as/crear_requisicion.php on line 63, referer: https://gestor.transimex.com.mx/header_main_aside/almacen.php?pesta%C3%B1a=crear_requisicion&header_loc=%3C?php%20echo%20almacen;%20?%3E
[Mon Oct 13 10:03:47.155752 2025] [php:warn] [pid 317421] [client 187.251.235.62:53732] PHP Warning:  Cannot modify header information - headers already sent by (output started at /var/www/transimex/pesta\xc3\xb1as/crear_requisicion.php:9) in /var/www/transimex/pesta\xc3\xb1as/crear_requisicion.php on line 204, referer: https://gestor.transimex.com.mx/header_main_aside/almacen.php?pesta%C3%B1a=crear_requisicion&header_loc=%3C?php%20echo%20almacen;%20?%3E
[Mon Oct 13 10:13:09.698807 2025] [php:warn] [pid 292848] [client 187.251.235.62:63852] PHP Warning:  Undefined array key "header_loc" in /var/www/transimex/pesta\xc3\xb1as/crear_requisicion.php on line 63, referer: https://gestor.transimex.com.mx/header_main_aside/almacen.php?pesta%C3%B1a=crear_requisicion&header_loc=%3C?php%20echo%20almacen;%20?%3E
[Mon Oct 13 10:13:11.473109 2025] [php:warn] [pid 292848] [client 187.251.235.62:63852] PHP Warning:  Cannot modify header information - headers already sent by (output started at /var/www/transimex/pesta\xc3\xb1as/crear_requisicion.php:9) in /var/www/transimex/pesta\xc3\xb1as/crear_requisicion.php on line 204, referer: https://gestor.transimex.com.mx/header_main_aside/almacen.php?pesta%C3%B1a=crear_requisicion&header_loc=%3C?php%20echo%20almacen;%20?%3E
[Mon Oct 13 10:16:30.381143 2025] [php:warn] [pid 292848] [client 187.251.235.62:59930] PHP Warning:  Undefined array key "header_loc" in /var/www/transimex/pesta\xc3\xb1as/crear_requisicion.php on line 63, referer: https://gestor.transimex.com.mx/header_main_aside/almacen.php?pesta%C3%B1a=crear_requisicion&header_loc=%3C?php%20echo%20almacen;%20?%3E
[Mon Oct 13 10:16:32.263008 2025] [php:warn] [pid 292848] [client 187.251.235.62:59930] PHP Warning:  Cannot modify header information - headers already sent by (output started at /var/www/transimex/pesta\xc3\xb1as/crear_requisicion.php:9) in /var/www/transimex/pesta\xc3\xb1as/crear_requisicion.php on line 204, referer: https://gestor.transimex.com.mx/header_main_aside/almacen.php?pesta%C3%B1a=crear_requisicion&header_loc=%3C?php%20echo%20almacen;%20?%3E
[Mon Oct 13 10:17:18.207172 2025] [php:warn] [pid 317817] [client 187.251.235.62:60532] PHP Warning:  Undefined array key "role" in /var/www/transimex/header_main_aside/manufactura.php on line 20, referer: https://gestor.transimex.com.mx/header_main_aside/manufactura.php?pesta%C3%B1a=solicitudcompra&header_loc=manufactura&confirmacion=Registro+insertado+con+%C3%A9xito.
[Mon Oct 13 10:18:45.448317 2025] [php:warn] [pid 317667] [client 187.251.235.62:63069] PHP Warning:  Undefined array key "role" in /var/www/transimex/header_main_aside/finanzas.php on line 38
[Mon Oct 13 10:50:37.194408 2025] [php:warn] [pid 316825] [client 187.251.235.62:59861] PHP Warning:  Undefined array key "role" in /var/www/transimex/header_main_aside/proyectos.php on line 41, referer: https://gestor.transimex.com.mx/header_main_aside/proyectos.php?pesta%C3%B1a=alta_pedido&header_loc=proyectos
[Mon Oct 13 10:55:46.824857 2025] [php:warn] [pid 316787] [client 74.125.212.36:63401] PHP Warning:  Undefined array key "role" in /var/www/transimex/header_main_aside/almacen.php on line 38
[Mon Oct 13 10:55:46.882398 2025] [php:warn] [pid 317667] [client 66.249.80.1:43180] PHP Warning:  Undefined array key "role" in /var/www/transimex/header_main_aside/almacen.php on line 38
[Mon Oct 13 10:55:49.239729 2025] [php:warn] [pid 316825] [client 66.249.80.3:38738] PHP Warning:  Undefined array key "role" in /var/www/transimex/header_main_aside/almacen.php on line 38
[Mon Oct 13 10:55:49.788028 2025] [php:warn] [pid 317802] [client 66.249.80.2:37519] PHP Warning:  Undefined array key "role" in /var/www/transimex/header_main_aside/almacen.php on line 38
[Mon Oct 13 10:55:50.555456 2025] [php:warn] [pid 317802] [client 66.249.80.2:37519] PHP Warning:  Undefined array key "role" in /var/www/transimex/header_main_aside/almacen.php on line 38
[Mon Oct 13 10:55:50.943168 2025] [php:warn] [pid 317802] [client 66.249.80.2:37519] PHP Warning:  Undefined array key "role" in /var/www/transimex/header_main_aside/almacen.php on line 38
[Mon Oct 13 10:55:51.867606 2025] [php:warn] [pid 319982] [client 74.125.212.38:38158] PHP Warning:  Undefined array key "role" in /var/www/transimex/header_main_aside/almacen.php on line 38
[Mon Oct 13 10:55:54.400127 2025] [php:warn] [pid 319982] [client 74.125.212.38:38158] PHP Warning:  Undefined array key "role" in /var/www/transimex/header_main_aside/almacen.php on line 38
[Mon Oct 13 10:55:59.323531 2025] [php:warn] [pid 316826] [client 74.125.212.36:61096] PHP Warning:  Undefined array key "role" in /var/www/transimex/header_main_aside/almacen.php on line 38
[Mon Oct 13 10:55:59.346897 2025] [php:warn] [pid 320091] [client 66.249.80.3:35989] PHP Warning:  Undefined array key "role" in /var/www/transimex/header_main_aside/almacen.php on line 38
[Mon Oct 13 10:56:02.290398 2025] [php:warn] [pid 316787] [client 66.249.80.2:60483] PHP Warning:  Undefined array key "role" in /var/www/transimex/header_main_aside/almacen.php on line 38
[Mon Oct 13 10:56:10.180489 2025] [php:warn] [pid 316825] [client 66.249.80.1:46529] PHP Warning:  Undefined array key "role" in /var/www/transimex/header_main_aside/almacen.php on line 38
[Mon Oct 13 10:56:12.998073 2025] [php:warn] [pid 317667] [client 66.249.80.3:54394] PHP Warning:  Undefined array key "role" in /var/www/transimex/header_main_aside/almacen.php on line 38
[Mon Oct 13 10:56:16.419421 2025] [php:warn] [pid 317802] [client 74.125.212.36:37672] PHP Warning:  Undefined array key "role" in /var/www/transimex/header_main_aside/almacen.php on line 38
[Mon Oct 13 10:56:19.386612 2025] [php:warn] [pid 319897] [client 74.125.212.38:40056] PHP Warning:  Undefined array key "role" in /var/www/transimex/header_main_aside/almacen.php on line 38
[Mon Oct 13 10:56:21.847149 2025] [php:warn] [pid 319982] [client 66.249.80.2:61640] PHP Warning:  Undefined array key "role" in /var/www/transimex/header_main_aside/almacen.php on line 38
[Mon Oct 13 10:56:22.497795 2025] [php:warn] [pid 318392] [client 66.249.80.1:46479] PHP Warning:  Undefined array key "role" in /var/www/transimex/header_main_aside/almacen.php on line 38
[Mon Oct 13 10:56:26.408478 2025] [php:warn] [pid 320091] [client 66.249.80.3:58641] PHP Warning:  Undefined array key "role" in /var/www/transimex/header_main_aside/almacen.php on line 38
[Mon Oct 13 10:56:28.451387 2025] [php:warn] [pid 316826] [client 74.125.212.38:55084] PHP Warning:  Undefined array key "role" in /var/www/transimex/header_main_aside/almacen.php on line 38
[Mon Oct 13 10:56:30.147355 2025] [php:warn] [pid 317817] [client 74.125.212.36:41231] PHP Warning:  Undefined array key "role" in /var/www/transimex/header_main_aside/almacen.php on line 38
[Mon Oct 13 10:56:32.223554 2025] [php:warn] [pid 316787] [client 66.249.80.1:65348] PHP Warning:  Undefined array key "role" in /var/www/transimex/header_main_aside/almacen.php on line 38
[Mon Oct 13 10:56:32.987691 2025] [php:warn] [pid 316825] [client 66.249.80.3:40284] PHP Warning:  Undefined array key "role" in /var/www/transimex/header_main_aside/almacen.php on line 38
[Mon Oct 13 10:56:34.878556 2025] [php:warn] [pid 316787] [client 66.249.80.1:65348] PHP Warning:  Undefined array key "role" in /var/www/transimex/header_main_aside/almacen.php on line 38
[Mon Oct 13 10:56:36.971380 2025] [php:warn] [pid 317667] [client 74.125.212.36:50806] PHP Warning:  Undefined array key "role" in /var/www/transimex/header_main_aside/almacen.php on line 38
[Mon Oct 13 10:56:38.873205 2025] [php:warn] [pid 317802] [client 66.249.80.3:46983] PHP Warning:  Undefined array key "role" in /var/www/transimex/header_main_aside/almacen.php on line 38
[Mon Oct 13 10:56:43.074792 2025] [php:warn] [pid 319982] [client 74.125.212.38:56353] PHP Warning:  Undefined array key "role" in /var/www/transimex/header_main_aside/almacen.php on line 38
[Mon Oct 13 10:56:44.221463 2025] [php:warn] [pid 318392] [client 66.249.80.2:49539] PHP Warning:  Undefined array key "role" in /var/www/transimex/header_main_aside/almacen.php on line 38
[Mon Oct 13 10:56:45.639210 2025] [php:warn] [pid 320091] [client 66.249.80.3:40761] PHP Warning:  Undefined array key "role" in /var/www/transimex/header_main_aside/almacen.php on line 38
[Mon Oct 13 10:56:46.307998 2025] [php:warn] [pid 316826] [client 74.125.212.36:35694] PHP Warning:  Undefined array key "role" in /var/www/transimex/header_main_aside/almacen.php on line 38
[Mon Oct 13 10:56:47.038838 2025] [php:warn] [pid 319982] [client 74.125.212.38:56353] PHP Warning:  Undefined array key "role" in /var/www/transimex/header_main_aside/almacen.php on line 38
[Mon Oct 13 10:56:48.281426 2025] [php:warn] [pid 319982] [client 74.125.212.38:56353] PHP Warning:  Undefined array key "role" in /var/www/transimex/header_main_aside/almacen.php on line 38
[Mon Oct 13 10:56:48.821942 2025] [php:warn] [pid 317817] [client 74.125.212.37:49801] PHP Warning:  Undefined array key "role" in /var/www/transimex/header_main_aside/almacen.php on line 38
[Mon Oct 13 10:56:50.132402 2025] [php:warn] [pid 316826] [client 74.125.212.36:35694] PHP Warning:  Undefined array key "role" in /var/www/transimex/header_main_aside/almacen.php on line 38
[Mon Oct 13 10:56:54.457213 2025] [php:warn] [pid 316825] [client 66.249.80.1:47617] PHP Warning:  Undefined array key "role" in /var/www/transimex/header_main_aside/almacen.php on line 38
[Mon Oct 13 10:56:54.876408 2025] [php:warn] [pid 316825] [client 66.249.80.1:47617] PHP Warning:  Undefined array key "role" in /var/www/transimex/header_main_aside/almacen.php on line 38
[Mon Oct 13 10:56:56.824308 2025] [php:warn] [pid 317802] [client 74.125.212.38:50364] PHP Warning:  Undefined array key "role" in /var/www/transimex/header_main_aside/almacen.php on line 38
[Mon Oct 13 10:56:59.593641 2025] [php:warn] [pid 319897] [client 74.125.212.36:46713] PHP Warning:  Undefined array key "role" in /var/www/transimex/header_main_aside/almacen.php on line 38
[Mon Oct 13 10:56:59.655959 2025] [php:warn] [pid 317802] [client 74.125.212.38:50364] PHP Warning:  Undefined array key "role" in /var/www/transimex/header_main_aside/almacen.php on line 38
[Mon Oct 13 10:57:00.931185 2025] [php:warn] [pid 317802] [client 74.125.212.38:50364] PHP Warning:  Undefined array key "role" in /var/www/transimex/header_main_aside/almacen.php on line 38
[Mon Oct 13 10:57:02.818074 2025] [php:warn] [pid 318392] [client 66.249.80.3:38375] PHP Warning:  Undefined array key "role" in /var/www/transimex/header_main_aside/almacen.php on line 38
[Mon Oct 13 10:57:03.416998 2025] [php:warn] [pid 319897] [client 74.125.212.36:46713] PHP Warning:  Undefined array key "role" in /var/www/transimex/header_main_aside/almacen.php on line 38
[Mon Oct 13 10:57:05.247371 2025] [php:warn] [pid 320091] [client 66.249.80.2:40810] PHP Warning:  Undefined array key "role" in /var/www/transimex/header_main_aside/almacen.php on line 38
[Mon Oct 13 10:57:09.875541 2025] [php:warn] [pid 319982] [client 66.249.80.2:51172] PHP Warning:  Undefined array key "role" in /var/www/transimex/header_main_aside/almacen.php on line 38
[Mon Oct 13 10:57:10.719739 2025] [php:warn] [pid 317817] [client 66.249.80.3:52419] PHP Warning:  Undefined array key "role" in /var/www/transimex/header_main_aside/almacen.php on line 38
[Mon Oct 13 11:29:04.335111 2025] [php:warn] [pid 320599] [client 187.251.235.62:56847] PHP Warning:  Undefined array key "header_loc" in /var/www/transimex/pesta\xc3\xb1as/crear_requisicion.php on line 63, referer: https://gestor.transimex.com.mx/header_main_aside/almacen.php?pesta%C3%B1a=crear_requisicion&header_loc=%3C?php%20echo%20almacen;%20?%3E
[Mon Oct 13 11:29:09.509074 2025] [php:warn] [pid 320599] [client 187.251.235.62:56847] PHP Warning:  Cannot modify header information - headers already sent by (output started at /var/www/transimex/pesta\xc3\xb1as/crear_requisicion.php:9) in /var/www/transimex/pesta\xc3\xb1as/crear_requisicion.php on line 204, referer: https://gestor.transimex.com.mx/header_main_aside/almacen.php?pesta%C3%B1a=crear_requisicion&header_loc=%3C?php%20echo%20almacen;%20?%3E
[Mon Oct 13 12:00:00.185483 2025] [php:warn] [pid 316787] [client 187.251.235.62:62428] PHP Warning:  Undefined array key "header_loc" in /var/www/transimex/pesta\xc3\xb1as/crear_requisicion.php on line 63, referer: https://gestor.transimex.com.mx/header_main_aside/almacen.php?pesta%C3%B1a=crear_requisicion&header_loc=%3C?php%20echo%20almacen;%20?%3E
[Mon Oct 13 12:00:02.943431 2025] [php:warn] [pid 316787] [client 187.251.235.62:62428] PHP Warning:  Cannot modify header information - headers already sent by (output started at /var/www/transimex/pesta\xc3\xb1as/crear_requisicion.php:9) in /var/www/transimex/pesta\xc3\xb1as/crear_requisicion.php on line 204, referer: https://gestor.transimex.com.mx/header_main_aside/almacen.php?pesta%C3%B1a=crear_requisicion&header_loc=%3C?php%20echo%20almacen;%20?%3E
[Mon Oct 13 12:09:07.502829 2025] [php:warn] [pid 320091] [client 187.251.235.62:60412] PHP Warning:  Undefined array key "role" in /var/www/transimex/header_main_aside/proyectos.php on line 41, referer: https://gestor.transimex.com.mx/header_main_aside/proyectos.php?ot=6654&pesta%C3%B1a=facturaspedidos&facturacion=Estado+facturaci%C3%B3n&fecha_inicio=2023-10-13&fecha_final=2025-10-13&responsable=Seleccione+responsable&cliente=&header_loc=proyectos&pestana=facturaspedidos&buscar=Buscar
[Mon Oct 13 12:29:18.862118 2025] [php:warn] [pid 316826] [client 187.251.235.62:63859] PHP Warning:  Undefined array key "role" in /var/www/transimex/header_main_aside/finanzas.php on line 38, referer: https://gestor.transimex.com.mx/header_main_aside/finanzas.php?pesta%C3%B1a=editar_oc&header_loc=finanzas&id=47689
[Mon Oct 13 12:44:27.279523 2025] [php:warn] [pid 320599] [client 187.251.235.62:49844] PHP Warning:  Undefined array key "role" in /var/www/transimex/header_main_aside/manufactura.php on line 20, referer: https://gestor.transimex.com.mx/header_main_aside/manufactura.php?pesta%C3%B1a=areas&area=Maquinados&header_loc=manufactura
[Mon Oct 13 14:40:17.519100 2025] [php:warn] [pid 330641] [client 187.251.235.62:57929] PHP Warning:  Undefined array key "role" in /var/www/transimex/header_main_aside/gerencia.php on line 41, referer: https://gestor.transimex.com.mx/header_main_aside/gerencia.php?ot=&descripcion=policarbonato&descripcion2=&oc=&fecha_solicitud=&fecha_solicitudfin=&provedor=&pesta%C3%B1a=historial_de_compras
[Mon Oct 13 15:43:53.801883 2025] [php:warn] [pid 335748] [client 187.251.235.62:57072] PHP Warning:  Undefined array key "role" in /var/www/transimex/header_main_aside/gerencia.php on line 41, referer: https://gestor.transimex.com.mx/header_main_aside/gerencia.php?ot=6616&pesta%C3%B1a=facturaspedidos&facturacion=Estado+facturaci%C3%B3n&fecha_inicio=2023-10-13&fecha_final=2025-10-13&responsable=Seleccione+responsable&cliente=&header_loc=gerencia&pestana=facturaspedidos&buscar=Buscar
[Mon Oct 13 16:04:23.853666 2025] [php:warn] [pid 337237] [client 187.251.235.62:65467] PHP Warning:  Undefined array key "role" in /var/www/transimex/header_main_aside/finanzas.php on line 38
[Mon Oct 13 16:18:53.501370 2025] [php:warn] [pid 335748] [client 187.251.235.62:53668] PHP Warning:  Undefined array key "role" in /var/www/transimex/header_main_aside/almacen.php on line 38, referer: https://gestor.transimex.com.mx/header_main_aside/almacen.php?pesta%C3%B1a=compras&header_loc=almacen
[Mon Oct 13 16:24:03.008538 2025] [php:warn] [pid 336697] [client 187.251.235.62:59751] PHP Warning:  Undefined array key "area" in /var/www/transimex/pesta\xc3\xb1as/areas.php on line 8, referer: https://gestor.transimex.com.mx/header_main_aside/proyectos.php?pesta%C3%B1a=cronograma&header_loc=proyectos
[Mon Oct 13 16:27:28.381937 2025] [php:warn] [pid 336108] [client 187.251.235.62:51353] PHP Warning:  Undefined array key "header_loc" in /var/www/transimex/pesta\xc3\xb1as/crear_requisicion.php on line 63, referer: https://gestor.transimex.com.mx/header_main_aside/almacen.php?pesta%C3%B1a=crear_requisicion&header_loc=%3C?php%20echo%20almacen;%20?%3E
[Mon Oct 13 16:27:29.815977 2025] [php:warn] [pid 336108] [client 187.251.235.62:51353] PHP Warning:  Cannot modify header information - headers already sent by (output started at /var/www/transimex/pesta\xc3\xb1as/crear_requisicion.php:9) in /var/www/transimex/pesta\xc3\xb1as/crear_requisicion.php on line 204, referer: https://gestor.transimex.com.mx/header_main_aside/almacen.php?pesta%C3%B1a=crear_requisicion&header_loc=%3C?php%20echo%20almacen;%20?%3E
[Mon Oct 13 16:28:40.292757 2025] [php:warn] [pid 336325] [client 187.251.235.62:62395] PHP Warning:  Undefined array key "header_loc" in /var/www/transimex/php/procesar_horas.php on line 10, referer: https://gestor.transimex.com.mx/header_main_aside/almacen.php?pesta%C3%B1a=horas_tardias&header_loc=almacen
[Mon Oct 13 17:54:26.962841 2025] [php:warn] [pid 337237] [client 187.251.235.62:58251] PHP Warning:  Undefined array key "role" in /var/www/transimex/header_main_aside/finanzas.php on line 38, referer: https://gestor.transimex.com.mx/header_main_aside/finanzas.php
[Tue Oct 14 07:01:35.983758 2025] [php:warn] [pid 370735] [client 187.251.235.62:56434] PHP Warning:  Undefined array key "role" in /var/www/transimex/header_main_aside/almacen.php on line 38, referer: https://gestor.transimex.com.mx/header_main_aside/almacen.php?pesta%C3%B1a=compras&header_loc=almacen
[Tue Oct 14 07:39:10.958735 2025] [php:warn] [pid 365334] [client 187.251.235.62:63964] PHP Warning:  Undefined array key "role" in /var/www/transimex/header_main_aside/gerencia.php on line 41, referer: https://gestor.transimex.com.mx/header_main_aside/gerencia.php?pesta%C3%B1a=facturaspedidos&header_loc=gerencia
[Tue Oct 14 09:41:53.151529 2025] [php:warn] [pid 391280] [client 187.251.235.62:50947] PHP Warning:  Undefined array key "role" in /var/www/transimex/header_main_aside/almacen.php on line 38, referer: https://gestor.transimex.com.mx/header_main_aside/almacen.php?pesta%C3%B1a=orden_compras&header_loc=almacen
[Tue Oct 14 10:16:33.898170 2025] [php:warn] [pid 392737] [client 187.251.235.62:51352] PHP Warning:  Undefined array key "role" in /var/www/transimex/header_main_aside/proyectos.php on line 41, referer: https://gestor.transimex.com.mx/header_main_aside/proyectos.php?ot=&descripcion=2x2&descripcion2=&oc=&fecha_solicitud=&fecha_solicitudfin=&provedor=&pesta%C3%B1a=historial_de_compras
[Tue Oct 14 10:26:16.290665 2025] [php:warn] [pid 365332] [client 187.251.235.62:55608] PHP Warning:  Undefined array key "role" in /var/www/transimex/header_main_aside/almacen.php on line 38, referer: https://gestor.transimex.com.mx/header_main_aside/almacen.php?pesta%C3%B1a=compras&header_loc=almacen
[Tue Oct 14 11:08:06.424988 2025] [php:warn] [pid 399991] [client 187.251.235.62:50836] PHP Warning:  Undefined array key "orden_compra" in /var/www/transimex/pesta\xc3\xb1as/orden_compras.php on line 83, referer: https://gestor.transimex.com.mx/header_main_aside/recursos_humanos.php?pesta%C3%B1a=orden_compras&header_loc=recursos_humanos
